
> awesomepg@0.1.0 cert:shantinagar-phase1
> npx tsx scripts/run-shantinagar-phase1-portal-certification.ts --json --out=docs/cert/shantinagar-phase1-latest.json

Certifying 1/15: Anuj Harinkhede
[warn] {
  level: 'warn',
  message: 'env self-heal: degraded mode',
  route: undefined,
  method: undefined,
  userId: undefined,
  requestId: undefined,
  meta: {
    timestamp: '2026-08-21T16:22:17.478Z',
    environment: 'production',
    missing: [ 'AUTH_SECRET' ],
    degradedFeatures: [ 'auth-sessions' ]
  }
}
[db] {
  level: 'db',
  message: 'query completed',
  route: undefined,
  method: undefined,
  userId: undefined,
  requestId: undefined,
  meta: {
    timestamp: '2026-08-21T16:22:18.257Z',
    environment: 'production',
    query: 'customerQuery',
    durationMs: 774,
    route: undefined,
    requestId: undefined,
    slow: true
  }
}
[warn] {
  level: 'warn',
  message: 'slow db query',
  route: undefined,
  method: undefined,
  userId: undefined,
  requestId: undefined,
  meta: {
    timestamp: '2026-08-21T16:22:18.259Z',
    environment: 'production',
    query: 'customerQuery',
    durationMs: 774,
    route: undefined,
    requestId: undefined
  }
}
[warn] {
  level: 'warn',
  message: 'slow query in safeQuery',
  route: undefined,
  method: undefined,
  userId: undefined,
  requestId: undefined,
  meta: {
    timestamp: '2026-08-21T16:22:18.259Z',
    environment: 'production',
    queryName: 'customerQuery',
    durationMs: 777,
    attempt: 1
  }
}
[db] {
  level: 'db',
  message: 'query completed',
  route: undefined,
  method: undefined,
  userId: undefined,
  requestId: undefined,
  meta: {
    timestamp: '2026-08-21T16:22:22.244Z',
    environment: 'production',
    query: 'customerQuery',
    durationMs: 4760,
    route: undefined,
    requestId: undefined,
    slow: true
  }
}
[warn] {
  level: 'warn',
  message: 'slow db query',
  route: undefined,
  method: undefined,
  userId: undefined,
  requestId: undefined,
  meta: {
    timestamp: '2026-08-21T16:22:22.253Z',
    environment: 'production',
    query: 'customerQuery',
    durationMs: 4760,
    route: undefined,
    requestId: undefined
  }
}
[warn] {
  level: 'warn',
  message: 'slow query in safeQuery',
  route: undefined,
  method: undefined,
  userId: undefined,
  requestId: undefined,
  meta: {
    timestamp: '2026-08-21T16:22:22.254Z',
    environment: 'production',
    queryName: 'customerQuery',
    durationMs: 4771,
    attempt: 1
  }
}
[warn] {
  level: 'warn',
  message: 'health diagnosis',
  route: undefined,
  method: undefined,
  userId: undefined,
  requestId: undefined,
  meta: {
    timestamp: '2026-08-21T16:22:22.265Z',
    environment: 'production',
    status: 'DEGRADED',
    envMissing: [ 'AUTH_SECRET' ],
    dbError: null,
    safeMode: false
  }
}
[db] {
  level: 'db',
  message: 'query completed',
  route: undefined,
  method: undefined,
  userId: undefined,
  requestId: undefined,
  meta: {
    timestamp: '2026-08-21T16:22:23.041Z',
    environment: 'production',
    query: 'customerQuery',
    durationMs: 764,
    route: undefined,
    requestId: undefined,
    slow: true
  }
}
[warn] {
  level: 'warn',
  message: 'slow db query',
  route: undefined,
  method: undefined,
  userId: undefined,
  requestId: undefined,
  meta: {
    timestamp: '2026-08-21T16:22:23.044Z',
    environment: 'production',
    query: 'customerQuery',
    durationMs: 764,
    route: undefined,
    requestId: undefined
  }
}
[warn] {
  level: 'warn',
  message: 'slow query in safeQuery',
  route: undefined,
  method: undefined,
  userId: undefined,
  requestId: undefined,
  meta: {
    timestamp: '2026-08-21T16:22:23.045Z',
    environment: 'production',
    queryName: 'customerQuery',
    durationMs: 769,
    attempt: 1
  }
}
Certifying 2/15: Ishan Jharia
[warn] {
  level: 'warn',
  message: 'env self-heal: degraded mode',
  route: undefined,
  method: undefined,
  userId: undefined,
  requestId: undefined,
  meta: {
    timestamp: '2026-08-21T16:23:24.970Z',
    environment: 'production',
    missing: [ 'AUTH_SECRET' ],
    degradedFeatures: [ 'auth-sessions' ]
  }
}
[db] {
  level: 'db',
  message: 'query completed',
  route: undefined,
  method: undefined,
  userId: undefined,
  requestId: undefined,
  meta: {
    timestamp: '2026-08-21T16:23:25.836Z',
    environment: 'production',
    query: 'customerQuery',
    durationMs: 799,
    route: undefined,
    requestId: undefined,
    slow: true
  }
}
[warn] {
  level: 'warn',
  message: 'slow db query',
  route: undefined,
  method: undefined,
  userId: undefined,
  requestId: undefined,
  meta: {
    timestamp: '2026-08-21T16:23:25.846Z',
    environment: 'production',
    query: 'customerQuery',
    durationMs: 799,
    route: undefined,
    requestId: undefined
  }
}
[warn] {
  level: 'warn',
  message: 'slow query in safeQuery',
  route: undefined,
  method: undefined,
  userId: undefined,
  requestId: undefined,
  meta: {
    timestamp: '2026-08-21T16:23:25.850Z',
    environment: 'production',
    queryName: 'customerQuery',
    durationMs: 813,
    attempt: 1
  }
}
[db] {
  level: 'db',
  message: 'query completed',
  route: undefined,
  method: undefined,
  userId: undefined,
  requestId: undefined,
  meta: {
    timestamp: '2026-08-21T16:23:25.856Z',
    environment: 'production',
    query: 'customerQuery',
    durationMs: 810,
    route: undefined,
    requestId: undefined,
    slow: true
  }
}
[warn] {
  level: 'warn',
  message: 'slow db query',
  route: undefined,
  method: undefined,
  userId: undefined,
  requestId: undefined,
  meta: {
    timestamp: '2026-08-21T16:23:25.856Z',
    environment: 'production',
    query: 'customerQuery',
    durationMs: 810,
    route: undefined,
    requestId: undefined
  }
}
[warn] {
  level: 'warn',
  message: 'slow query in safeQuery',
  route: undefined,
  method: undefined,
  userId: undefined,
  requestId: undefined,
  meta: {
    timestamp: '2026-08-21T16:23:25.857Z',
    environment: 'production',
    queryName: 'customerQuery',
    durationMs: 812,
    attempt: 1
  }
}
[warn] {
  level: 'warn',
  message: 'health diagnosis',
  route: undefined,
  method: undefined,
  userId: undefined,
  requestId: undefined,
  meta: {
    timestamp: '2026-08-21T16:23:29.417Z',
    environment: 'production',
    status: 'DEGRADED',
    envMissing: [ 'AUTH_SECRET' ],
    dbError: null,
    safeMode: false
  }
}
[db] {
  level: 'db',
  message: 'query completed',
  route: undefined,
  method: undefined,
  userId: undefined,
  requestId: undefined,
  meta: {
    timestamp: '2026-08-21T16:23:30.371Z',
    environment: 'production',
    query: 'customerQuery',
    durationMs: 923,
    route: undefined,
    requestId: undefined,
    slow: true
  }
}
[warn] {
  level: 'warn',
  message: 'slow db query',
  route: undefined,
  method: undefined,
  userId: undefined,
  requestId: undefined,
  meta: {
    timestamp: '2026-08-21T16:23:30.378Z',
    environment: 'production',
    query: 'customerQuery',
    durationMs: 923,
    route: undefined,
    requestId: undefined
  }
}
[warn] {
  level: 'warn',
  message: 'slow query in safeQuery',
  route: undefined,
  method: undefined,
  userId: undefined,
  requestId: undefined,
  meta: {
    timestamp: '2026-08-21T16:23:30.378Z',
    environment: 'production',
    queryName: 'customerQuery',
    durationMs: 935,
    attempt: 1
  }
}
Certifying 3/15: Angatra Mandal
[warn] {
  level: 'warn',
  message: 'env self-heal: degraded mode',
  route: undefined,
  method: undefined,
  userId: undefined,
  requestId: undefined,
  meta: {
    timestamp: '2026-08-21T16:24:31.763Z',
    environment: 'production',
    missing: [ 'AUTH_SECRET' ],
    degradedFeatures: [ 'auth-sessions' ]
  }
}
[db] {
  level: 'db',
  message: 'query completed',
  route: undefined,
  method: undefined,
  userId: undefined,
  requestId: undefined,
  meta: {
    timestamp: '2026-08-21T16:24:32.719Z',
    environment: 'production',
    query: 'customerQuery',
    durationMs: 881,
    route: undefined,
    requestId: undefined,
    slow: true
  }
}
[warn] {
  level: 'warn',
  message: 'slow db query',
  route: undefined,
  method: undefined,
  userId: undefined,
  requestId: undefined,
  meta: {
    timestamp: '2026-08-21T16:24:32.738Z',
    environment: 'production',
    query: 'customerQuery',
    durationMs: 881,
    route: undefined,
    requestId: undefined
  }
}
[warn] {
  level: 'warn',
  message: 'slow query in safeQuery',
  route: undefined,
  method: undefined,
  userId: undefined,
  requestId: undefined,
  meta: {
    timestamp: '2026-08-21T16:24:32.739Z',
    environment: 'production',
    queryName: 'customerQuery',
    durationMs: 904,
    attempt: 1
  }
}
[db] {
  level: 'db',
  message: 'query completed',
  route: undefined,
  method: undefined,
  userId: undefined,
  requestId: undefined,
  meta: {
    timestamp: '2026-08-21T16:24:32.740Z',
    environment: 'production',
    query: 'customerQuery',
    durationMs: 899,
    route: undefined,
    requestId: undefined,
    slow: true
  }
}
[warn] {
  level: 'warn',
  message: 'slow db query',
  route: undefined,
  method: undefined,
  userId: undefined,
  requestId: undefined,
  meta: {
    timestamp: '2026-08-21T16:24:32.740Z',
    environment: 'production',
    query: 'customerQuery',
    durationMs: 899,
    route: undefined,
    requestId: undefined
  }
}
[warn] {
  level: 'warn',
  message: 'slow query in safeQuery',
  route: undefined,
  method: undefined,
  userId: undefined,
  requestId: undefined,
  meta: {
    timestamp: '2026-08-21T16:24:32.740Z',
    environment: 'production',
    queryName: 'customerQuery',
    durationMs: 899,
    attempt: 1
  }
}
[warn] {
  level: 'warn',
  message: 'health diagnosis',
  route: undefined,
  method: undefined,
  userId: undefined,
  requestId: undefined,
  meta: {
    timestamp: '2026-08-21T16:24:36.849Z',
    environment: 'production',
    status: 'DEGRADED',
    envMissing: [ 'AUTH_SECRET' ],
    dbError: null,
    safeMode: false
  }
}
[db] {
  level: 'db',
  message: 'query completed',
  route: undefined,
  method: undefined,
  userId: undefined,
  requestId: undefined,
  meta: {
    timestamp: '2026-08-21T16:24:37.691Z',
    environment: 'production',
    query: 'customerQuery',
    durationMs: 814,
    route: undefined,
    requestId: undefined,
    slow: true
  }
}
[warn] {
  level: 'warn',
  message: 'slow db query',
  route: undefined,
  method: undefined,
  userId: undefined,
  requestId: undefined,
  meta: {
    timestamp: '2026-08-21T16:24:37.691Z',
    environment: 'production',
    query: 'customerQuery',
    durationMs: 814,
    route: undefined,
    requestId: undefined
  }
}
[warn] {
  level: 'warn',
  message: 'slow query in safeQuery',
  route: undefined,
  method: undefined,
  userId: undefined,
  requestId: undefined,
  meta: {
    timestamp: '2026-08-21T16:24:37.692Z',
    environment: 'production',
    queryName: 'customerQuery',
    durationMs: 815,
    attempt: 1
  }
}
Certifying 4/15: Dhruv
[warn] {
  level: 'warn',
  message: 'env self-heal: degraded mode',
  route: undefined,
  method: undefined,
  userId: undefined,
  requestId: undefined,
  meta: {
    timestamp: '2026-08-21T16:25:21.197Z',
    environment: 'production',
    missing: [ 'AUTH_SECRET' ],
    degradedFeatures: [ 'auth-sessions' ]
  }
}
[db] {
  level: 'db',
  message: 'query completed',
  route: undefined,
  method: undefined,
  userId: undefined,
  requestId: undefined,
  meta: {
    timestamp: '2026-08-21T16:25:21.900Z',
    environment: 'production',
    query: 'customerQuery',
    durationMs: 692,
    route: undefined,
    requestId: undefined,
    slow: true
  }
}
[warn] {
  level: 'warn',
  message: 'slow db query',
  route: undefined,
  method: undefined,
  userId: undefined,
  requestId: undefined,
  meta: {
    timestamp: '2026-08-21T16:25:21.901Z',
    environment: 'production',
    query: 'customerQuery',
    durationMs: 692,
    route: undefined,
    requestId: undefined
  }
}
[warn] {
  level: 'warn',
  message: 'slow query in safeQuery',
  route: undefined,
  method: undefined,
  userId: undefined,
  requestId: undefined,
  meta: {
    timestamp: '2026-08-21T16:25:21.901Z',
    environment: 'production',
    queryName: 'customerQuery',
    durationMs: 694,
    attempt: 1
  }
}
[db] {
  level: 'db',
  message: 'query completed',
  route: undefined,
  method: undefined,
  userId: undefined,
  requestId: undefined,
  meta: {
    timestamp: '2026-08-21T16:25:21.902Z',
    environment: 'production',
    query: 'customerQuery',
    durationMs: 694,
    route: undefined,
    requestId: undefined,
    slow: true
  }
}
[warn] {
  level: 'warn',
  message: 'slow db query',
  route: undefined,
  method: undefined,
  userId: undefined,
  requestId: undefined,
  meta: {
    timestamp: '2026-08-21T16:25:21.902Z',
    environment: 'production',
    query: 'customerQuery',
    durationMs: 694,
    route: undefined,
    requestId: undefined
  }
}
[warn] {
  level: 'warn',
  message: 'slow query in safeQuery',
  route: undefined,
  method: undefined,
  userId: undefined,
  requestId: undefined,
  meta: {
    timestamp: '2026-08-21T16:25:21.902Z',
    environment: 'production',
    queryName: 'customerQuery',
    durationMs: 694,
    attempt: 1
  }
}
[warn] {
  level: 'warn',
  message: 'health diagnosis',
  route: undefined,
  method: undefined,
  userId: undefined,
  requestId: undefined,
  meta: {
    timestamp: '2026-08-21T16:25:25.061Z',
    environment: 'production',
    status: 'DEGRADED',
    envMissing: [ 'AUTH_SECRET' ],
    dbError: null,
    safeMode: false
  }
}
[db] {
  level: 'db',
  message: 'query completed',
  route: undefined,
  method: undefined,
  userId: undefined,
  requestId: undefined,
  meta: {
    timestamp: '2026-08-21T16:25:25.649Z',
    environment: 'production',
    query: 'customerQuery',
    durationMs: 587,
    route: undefined,
    requestId: undefined,
    slow: true
  }
}
[warn] {
  level: 'warn',
  message: 'slow db query',
  route: undefined,
  method: undefined,
  userId: undefined,
  requestId: undefined,
  meta: {
    timestamp: '2026-08-21T16:25:25.649Z',
    environment: 'production',
    query: 'customerQuery',
    durationMs: 587,
    route: undefined,
    requestId: undefined
  }
}
[warn] {
  level: 'warn',
  message: 'slow query in safeQuery',
  route: undefined,
  method: undefined,
  userId: undefined,
  requestId: undefined,
  meta: {
    timestamp: '2026-08-21T16:25:25.649Z',
    environment: 'production',
    queryName: 'customerQuery',
    durationMs: 587,
    attempt: 1
  }
}
Certifying 5/15: Ameen Huzaifa
[warn] {
  level: 'warn',
  message: 'env self-heal: degraded mode',
  route: undefined,
  method: undefined,
  userId: undefined,
  requestId: undefined,
  meta: {
    timestamp: '2026-08-21T16:26:08.339Z',
    environment: 'production',
    missing: [ 'AUTH_SECRET' ],
    degradedFeatures: [ 'auth-sessions' ]
  }
}
[db] {
  level: 'db',
  message: 'query completed',
  route: undefined,
  method: undefined,
  userId: undefined,
  requestId: undefined,
  meta: {
    timestamp: '2026-08-21T16:26:08.779Z',
    environment: 'production',
    query: 'customerQuery',
    durationMs: 438,
    route: undefined,
    requestId: undefined,
    slow: true
  }
}
[warn] {
  level: 'warn',
  message: 'slow db query',
  route: undefined,
  method: undefined,
  userId: undefined,
  requestId: undefined,
  meta: {
    timestamp: '2026-08-21T16:26:08.779Z',
    environment: 'production',
    query: 'customerQuery',
    durationMs: 438,
    route: undefined,
    requestId: undefined
  }
}
[db] {
  level: 'db',
  message: 'query completed',
  route: undefined,
  method: undefined,
  userId: undefined,
  requestId: undefined,
  meta: {
    timestamp: '2026-08-21T16:26:08.792Z',
    environment: 'production',
    query: 'customerQuery',
    durationMs: 451,
    route: undefined,
    requestId: undefined,
    slow: true
  }
}
[warn] {
  level: 'warn',
  message: 'slow db query',
  route: undefined,
  method: undefined,
  userId: undefined,
  requestId: undefined,
  meta: {
    timestamp: '2026-08-21T16:26:08.792Z',
    environment: 'production',
    query: 'customerQuery',
    durationMs: 451,
    route: undefined,
    requestId: undefined
  }
}
[warn] {
  level: 'warn',
  message: 'health diagnosis',
  route: undefined,
  method: undefined,
  userId: undefined,
  requestId: undefined,
  meta: {
    timestamp: '2026-08-21T16:26:11.301Z',
    environment: 'production',
    status: 'DEGRADED',
    envMissing: [ 'AUTH_SECRET' ],
    dbError: null,
    safeMode: false
  }
}
[db] {
  level: 'db',
  message: 'query completed',
  route: undefined,
  method: undefined,
  userId: undefined,
  requestId: undefined,
  meta: {
    timestamp: '2026-08-21T16:26:11.754Z',
    environment: 'production',
    query: 'customerQuery',
    durationMs: 453,
    route: undefined,
    requestId: undefined,
    slow: true
  }
}
[warn] {
  level: 'warn',
  message: 'slow db query',
  route: undefined,
  method: undefined,
  userId: undefined,
  requestId: undefined,
  meta: {
    timestamp: '2026-08-21T16:26:11.754Z',
    environment: 'production',
    query: 'customerQuery',
    durationMs: 453,
    route: undefined,
    requestId: undefined
  }
}
Certifying 6/15: Saswat Baral
[db] {
  level: 'db',
  message: 'query completed',
  route: undefined,
  method: undefined,
  userId: undefined,
  requestId: undefined,
  meta: {
    timestamp: '2026-08-21T16:26:53.909Z',
    environment: 'production',
    query: 'customerQuery',
    durationMs: 696,
    route: undefined,
    requestId: undefined,
    slow: true
  }
}
[warn] {
  level: 'warn',
  message: 'slow db query',
  route: undefined,
  method: undefined,
  userId: undefined,
  requestId: undefined,
  meta: {
    timestamp: '2026-08-21T16:26:53.910Z',
    environment: 'production',
    query: 'customerQuery',
    durationMs: 696,
    route: undefined,
    requestId: undefined
  }
}
[warn] {
  level: 'warn',
  message: 'slow query in safeQuery',
  route: undefined,
  method: undefined,
  userId: undefined,
  requestId: undefined,
  meta: {
    timestamp: '2026-08-21T16:26:53.910Z',
    environment: 'production',
    queryName: 'customerQuery',
    durationMs: 698,
    attempt: 1
  }
}
[db] {
  level: 'db',
  message: 'query completed',
  route: undefined,
  method: undefined,
  userId: undefined,
  requestId: undefined,
  meta: {
    timestamp: '2026-08-21T16:26:53.911Z',
    environment: 'production',
    query: 'customerQuery',
    durationMs: 698,
    route: undefined,
    requestId: undefined,
    slow: true
  }
}
[warn] {
  level: 'warn',
  message: 'slow db query',
  route: undefined,
  method: undefined,
  userId: undefined,
  requestId: undefined,
  meta: {
    timestamp: '2026-08-21T16:26:53.912Z',
    environment: 'production',
    query: 'customerQuery',
    durationMs: 698,
    route: undefined,
    requestId: undefined
  }
}
[warn] {
  level: 'warn',
  message: 'slow query in safeQuery',
  route: undefined,
  method: undefined,
  userId: undefined,
  requestId: undefined,
  meta: {
    timestamp: '2026-08-21T16:26:53.912Z',
    environment: 'production',
    queryName: 'customerQuery',
    durationMs: 699,
    attempt: 1
  }
}
[db] {
  level: 'db',
  message: 'query completed',
  route: undefined,
  method: undefined,
  userId: undefined,
  requestId: undefined,
  meta: {
    timestamp: '2026-08-21T16:26:53.912Z',
    environment: 'production',
    query: 'customerQuery',
    durationMs: 699,
    route: undefined,
    requestId: undefined,
    slow: true
  }
}
[warn] {
  level: 'warn',
  message: 'slow db query',
  route: undefined,
  method: undefined,
  userId: undefined,
  requestId: undefined,
  meta: {
    timestamp: '2026-08-21T16:26:53.913Z',
    environment: 'production',
    query: 'customerQuery',
    durationMs: 699,
    route: undefined,
    requestId: undefined
  }
}
[warn] {
  level: 'warn',
  message: 'slow query in safeQuery',
  route: undefined,
  method: undefined,
  userId: undefined,
  requestId: undefined,
  meta: {
    timestamp: '2026-08-21T16:26:53.913Z',
    environment: 'production',
    queryName: 'customerQuery',
    durationMs: 700,
    attempt: 1
  }
}
Certifying 7/15: CV Laxminarayana
[warn] {
  level: 'warn',
  message: 'env self-heal: degraded mode',
  route: undefined,
  method: undefined,
  userId: undefined,
  requestId: undefined,
  meta: {
    timestamp: '2026-08-21T16:27:35.113Z',
    environment: 'production',
    missing: [ 'AUTH_SECRET' ],
    degradedFeatures: [ 'auth-sessions' ]
  }
}
[db] {
  level: 'db',
  message: 'query completed',
  route: undefined,
  method: undefined,
  userId: undefined,
  requestId: undefined,
  meta: {
    timestamp: '2026-08-21T16:27:35.607Z',
    environment: 'production',
    query: 'customerQuery',
    durationMs: 491,
    route: undefined,
    requestId: undefined,
    slow: true
  }
}
[warn] {
  level: 'warn',
  message: 'slow db query',
  route: undefined,
  method: undefined,
  userId: undefined,
  requestId: undefined,
  meta: {
    timestamp: '2026-08-21T16:27:35.607Z',
    environment: 'production',
    query: 'customerQuery',
    durationMs: 491,
    route: undefined,
    requestId: undefined
  }
}
[db] {
  level: 'db',
  message: 'query completed',
  route: undefined,
  method: undefined,
  userId: undefined,
  requestId: undefined,
  meta: {
    timestamp: '2026-08-21T16:27:35.608Z',
    environment: 'production',
    query: 'customerQuery',
    durationMs: 493,
    route: undefined,
    requestId: undefined,
    slow: true
  }
}
[warn] {
  level: 'warn',
  message: 'slow db query',
  route: undefined,
  method: undefined,
  userId: undefined,
  requestId: undefined,
  meta: {
    timestamp: '2026-08-21T16:27:35.608Z',
    environment: 'production',
    query: 'customerQuery',
    durationMs: 493,
    route: undefined,
    requestId: undefined
  }
}
[warn] {
  level: 'warn',
  message: 'health diagnosis',
  route: undefined,
  method: undefined,
  userId: undefined,
  requestId: undefined,
  meta: {
    timestamp: '2026-08-21T16:27:37.900Z',
    environment: 'production',
    status: 'DEGRADED',
    envMissing: [ 'AUTH_SECRET' ],
    dbError: null,
    safeMode: false
  }
}
[db] {
  level: 'db',
  message: 'query completed',
  route: undefined,
  method: undefined,
  userId: undefined,
  requestId: undefined,
  meta: {
    timestamp: '2026-08-21T16:27:38.360Z',
    environment: 'production',
    query: 'customerQuery',
    durationMs: 459,
    route: undefined,
    requestId: undefined,
    slow: true
  }
}
[warn] {
  level: 'warn',
  message: 'slow db query',
  route: undefined,
  method: undefined,
  userId: undefined,
  requestId: undefined,
  meta: {
    timestamp: '2026-08-21T16:27:38.360Z',
    environment: 'production',
    query: 'customerQuery',
    durationMs: 459,
    route: undefined,
    requestId: undefined
  }
}
Certifying 8/15: Rishik khobragade
[warn] {
  level: 'warn',
  message: 'env self-heal: degraded mode',
  route: undefined,
  method: undefined,
  userId: undefined,
  requestId: undefined,
  meta: {
    timestamp: '2026-08-21T16:28:22.062Z',
    environment: 'production',
    missing: [ 'AUTH_SECRET' ],
    degradedFeatures: [ 'auth-sessions' ]
  }
}
[db] {
  level: 'db',
  message: 'query completed',
  route: undefined,
  method: undefined,
  userId: undefined,
  requestId: undefined,
  meta: {
    timestamp: '2026-08-21T16:28:22.664Z',
    environment: 'production',
    query: 'customerQuery',
    durationMs: 600,
    route: undefined,
    requestId: undefined,
    slow: true
  }
}
[warn] {
  level: 'warn',
  message: 'slow db query',
  route: undefined,
  method: undefined,
  userId: undefined,
  requestId: undefined,
  meta: {
    timestamp: '2026-08-21T16:28:22.665Z',
    environment: 'production',
    query: 'customerQuery',
    durationMs: 600,
    route: undefined,
    requestId: undefined
  }
}
[warn] {
  level: 'warn',
  message: 'slow query in safeQuery',
  route: undefined,
  method: undefined,
  userId: undefined,
  requestId: undefined,
  meta: {
    timestamp: '2026-08-21T16:28:22.665Z',
    environment: 'production',
    queryName: 'customerQuery',
    durationMs: 601,
    attempt: 1
  }
}
[db] {
  level: 'db',
  message: 'query completed',
  route: undefined,
  method: undefined,
  userId: undefined,
  requestId: undefined,
  meta: {
    timestamp: '2026-08-21T16:28:23.021Z',
    environment: 'production',
    query: 'customerQuery',
    durationMs: 957,
    route: undefined,
    requestId: undefined,
    slow: true
  }
}
[warn] {
  level: 'warn',
  message: 'slow db query',
  route: undefined,
  method: undefined,
  userId: undefined,
  requestId: undefined,
  meta: {
    timestamp: '2026-08-21T16:28:23.022Z',
    environment: 'production',
    query: 'customerQuery',
    durationMs: 957,
    route: undefined,
    requestId: undefined
  }
}
[warn] {
  level: 'warn',
  message: 'slow query in safeQuery',
  route: undefined,
  method: undefined,
  userId: undefined,
  requestId: undefined,
  meta: {
    timestamp: '2026-08-21T16:28:23.022Z',
    environment: 'production',
    queryName: 'customerQuery',
    durationMs: 958,
    attempt: 1
  }
}
[warn] {
  level: 'warn',
  message: 'health diagnosis',
  route: undefined,
  method: undefined,
  userId: undefined,
  requestId: undefined,
  meta: {
    timestamp: '2026-08-21T16:28:25.360Z',
    environment: 'production',
    status: 'DEGRADED',
    envMissing: [ 'AUTH_SECRET' ],
    dbError: null,
    safeMode: false
  }
}
[db] {
  level: 'db',
  message: 'query completed',
  route: undefined,
  method: undefined,
  userId: undefined,
  requestId: undefined,
  meta: {
    timestamp: '2026-08-21T16:28:25.821Z',
    environment: 'production',
    query: 'customerQuery',
    durationMs: 460,
    route: undefined,
    requestId: undefined,
    slow: true
  }
}
[warn] {
  level: 'warn',
  message: 'slow db query',
  route: undefined,
  method: undefined,
  userId: undefined,
  requestId: undefined,
  meta: {
    timestamp: '2026-08-21T16:28:25.822Z',
    environment: 'production',
    query: 'customerQuery',
    durationMs: 460,
    route: undefined,
    requestId: undefined
  }
}
Certifying 9/15: Vivek Sanghani
[warn] {
  level: 'warn',
  message: 'env self-heal: degraded mode',
  route: undefined,
  method: undefined,
  userId: undefined,
  requestId: undefined,
  meta: {
    timestamp: '2026-08-21T16:29:07.266Z',
    environment: 'production',
    missing: [ 'AUTH_SECRET' ],
    degradedFeatures: [ 'auth-sessions' ]
  }
}
[db] {
  level: 'db',
  message: 'query completed',
  route: undefined,
  method: undefined,
  userId: undefined,
  requestId: undefined,
  meta: {
    timestamp: '2026-08-21T16:29:07.709Z',
    environment: 'production',
    query: 'customerQuery',
    durationMs: 441,
    route: undefined,
    requestId: undefined,
    slow: true
  }
}
[warn] {
  level: 'warn',
  message: 'slow db query',
  route: undefined,
  method: undefined,
  userId: undefined,
  requestId: undefined,
  meta: {
    timestamp: '2026-08-21T16:29:07.710Z',
    environment: 'production',
    query: 'customerQuery',
    durationMs: 441,
    route: undefined,
    requestId: undefined
  }
}
[db] {
  level: 'db',
  message: 'query completed',
  route: undefined,
  method: undefined,
  userId: undefined,
  requestId: undefined,
  meta: {
    timestamp: '2026-08-21T16:29:07.721Z',
    environment: 'production',
    query: 'customerQuery',
    durationMs: 452,
    route: undefined,
    requestId: undefined,
    slow: true
  }
}
[warn] {
  level: 'warn',
  message: 'slow db query',
  route: undefined,
  method: undefined,
  userId: undefined,
  requestId: undefined,
  meta: {
    timestamp: '2026-08-21T16:29:07.721Z',
    environment: 'production',
    query: 'customerQuery',
    durationMs: 452,
    route: undefined,
    requestId: undefined
  }
}
[warn] {
  level: 'warn',
  message: 'health diagnosis',
  route: undefined,
  method: undefined,
  userId: undefined,
  requestId: undefined,
  meta: {
    timestamp: '2026-08-21T16:29:09.530Z',
    environment: 'production',
    status: 'DEGRADED',
    envMissing: [ 'AUTH_SECRET' ],
    dbError: null,
    safeMode: false
  }
}
[db] {
  level: 'db',
  message: 'query completed',
  route: undefined,
  method: undefined,
  userId: undefined,
  requestId: undefined,
  meta: {
    timestamp: '2026-08-21T16:29:10.167Z',
    environment: 'production',
    query: 'customerQuery',
    durationMs: 636,
    route: undefined,
    requestId: undefined,
    slow: true
  }
}
[warn] {
  level: 'warn',
  message: 'slow db query',
  route: undefined,
  method: undefined,
  userId: undefined,
  requestId: undefined,
  meta: {
    timestamp: '2026-08-21T16:29:10.168Z',
    environment: 'production',
    query: 'customerQuery',
    durationMs: 636,
    route: undefined,
    requestId: undefined
  }
}
[warn] {
  level: 'warn',
  message: 'slow query in safeQuery',
  route: undefined,
  method: undefined,
  userId: undefined,
  requestId: undefined,
  meta: {
    timestamp: '2026-08-21T16:29:10.168Z',
    environment: 'production',
    queryName: 'customerQuery',
    durationMs: 637,
    attempt: 1
  }
}
Certifying 10/15: Reetik khandekar
[warn] {
  level: 'warn',
  message: 'env self-heal: degraded mode',
  route: undefined,
  method: undefined,
  userId: undefined,
  requestId: undefined,
  meta: {
    timestamp: '2026-08-21T16:29:53.141Z',
    environment: 'production',
    missing: [ 'AUTH_SECRET' ],
    degradedFeatures: [ 'auth-sessions' ]
  }
}
[db] {
  level: 'db',
  message: 'query completed',
  route: undefined,
  method: undefined,
  userId: undefined,
  requestId: undefined,
  meta: {
    timestamp: '2026-08-21T16:29:53.587Z',
    environment: 'production',
    query: 'customerQuery',
    durationMs: 444,
    route: undefined,
    requestId: undefined,
    slow: true
  }
}
[warn] {
  level: 'warn',
  message: 'slow db query',
  route: undefined,
  method: undefined,
  userId: undefined,
  requestId: undefined,
  meta: {
    timestamp: '2026-08-21T16:29:53.587Z',
    environment: 'production',
    query: 'customerQuery',
    durationMs: 444,
    route: undefined,
    requestId: undefined
  }
}
[db] {
  level: 'db',
  message: 'query completed',
  route: undefined,
  method: undefined,
  userId: undefined,
  requestId: undefined,
  meta: {
    timestamp: '2026-08-21T16:29:53.599Z',
    environment: 'production',
    query: 'customerQuery',
    durationMs: 456,
    route: undefined,
    requestId: undefined,
    slow: true
  }
}
[warn] {
  level: 'warn',
  message: 'slow db query',
  route: undefined,
  method: undefined,
  userId: undefined,
  requestId: undefined,
  meta: {
    timestamp: '2026-08-21T16:29:53.600Z',
    environment: 'production',
    query: 'customerQuery',
    durationMs: 456,
    route: undefined,
    requestId: undefined
  }
}
[warn] {
  level: 'warn',
  message: 'health diagnosis',
  route: undefined,
  method: undefined,
  userId: undefined,
  requestId: undefined,
  meta: {
    timestamp: '2026-08-21T16:29:55.725Z',
    environment: 'production',
    status: 'DEGRADED',
    envMissing: [ 'AUTH_SECRET' ],
    dbError: null,
    safeMode: false
  }
}
[db] {
  level: 'db',
  message: 'query completed',
  route: undefined,
  method: undefined,
  userId: undefined,
  requestId: undefined,
  meta: {
    timestamp: '2026-08-21T16:29:56.180Z',
    environment: 'production',
    query: 'customerQuery',
    durationMs: 455,
    route: undefined,
    requestId: undefined,
    slow: true
  }
}
[warn] {
  level: 'warn',
  message: 'slow db query',
  route: undefined,
  method: undefined,
  userId: undefined,
  requestId: undefined,
  meta: {
    timestamp: '2026-08-21T16:29:56.180Z',
    environment: 'production',
    query: 'customerQuery',
    durationMs: 455,
    route: undefined,
    requestId: undefined
  }
}
Certifying 11/15: KRISHNA ZODAGE
[db] {
  level: 'db',
  message: 'query completed',
  route: undefined,
  method: undefined,
  userId: undefined,
  requestId: undefined,
  meta: {
    timestamp: '2026-08-21T16:30:37.755Z',
    environment: 'production',
    query: 'customerQuery',
    durationMs: 444,
    route: undefined,
    requestId: undefined,
    slow: true
  }
}
[warn] {
  level: 'warn',
  message: 'slow db query',
  route: undefined,
  method: undefined,
  userId: undefined,
  requestId: undefined,
  meta: {
    timestamp: '2026-08-21T16:30:37.757Z',
    environment: 'production',
    query: 'customerQuery',
    durationMs: 444,
    route: undefined,
    requestId: undefined
  }
}
[db] {
  level: 'db',
  message: 'query completed',
  route: undefined,
  method: undefined,
  userId: undefined,
  requestId: undefined,
  meta: {
    timestamp: '2026-08-21T16:30:37.771Z',
    environment: 'production',
    query: 'customerQuery',
    durationMs: 459,
    route: undefined,
    requestId: undefined,
    slow: true
  }
}
[warn] {
  level: 'warn',
  message: 'slow db query',
  route: undefined,
  method: undefined,
  userId: undefined,
  requestId: undefined,
  meta: {
    timestamp: '2026-08-21T16:30:37.771Z',
    environment: 'production',
    query: 'customerQuery',
    durationMs: 459,
    route: undefined,
    requestId: undefined
  }
}
[db] {
  level: 'db',
  message: 'query completed',
  route: undefined,
  method: undefined,
  userId: undefined,
  requestId: undefined,
  meta: {
    timestamp: '2026-08-21T16:30:38.224Z',
    environment: 'production',
    query: 'customerQuery',
    durationMs: 912,
    route: undefined,
    requestId: undefined,
    slow: true
  }
}
[warn] {
  level: 'warn',
  message: 'slow db query',
  route: undefined,
  method: undefined,
  userId: undefined,
  requestId: undefined,
  meta: {
    timestamp: '2026-08-21T16:30:38.224Z',
    environment: 'production',
    query: 'customerQuery',
    durationMs: 912,
    route: undefined,
    requestId: undefined
  }
}
[warn] {
  level: 'warn',
  message: 'slow query in safeQuery',
  route: undefined,
  method: undefined,
  userId: undefined,
  requestId: undefined,
  meta: {
    timestamp: '2026-08-21T16:30:38.224Z',
    environment: 'production',
    queryName: 'customerQuery',
    durationMs: 912,
    attempt: 1
  }
}
Certifying 12/15: Vijay Dilip Shinde
[warn] {
  level: 'warn',
  message: 'env self-heal: degraded mode',
  route: undefined,
  method: undefined,
  userId: undefined,
  requestId: undefined,
  meta: {
    timestamp: '2026-08-21T16:31:20.545Z',
    environment: 'production',
    missing: [ 'AUTH_SECRET' ],
    degradedFeatures: [ 'auth-sessions' ]
  }
}
[db] {
  level: 'db',
  message: 'query completed',
  route: undefined,
  method: undefined,
  userId: undefined,
  requestId: undefined,
  meta: {
    timestamp: '2026-08-21T16:31:21.087Z',
    environment: 'production',
    query: 'customerQuery',
    durationMs: 540,
    route: undefined,
    requestId: undefined,
    slow: true
  }
}
[warn] {
  level: 'warn',
  message: 'slow db query',
  route: undefined,
  method: undefined,
  userId: undefined,
  requestId: undefined,
  meta: {
    timestamp: '2026-08-21T16:31:21.087Z',
    environment: 'production',
    query: 'customerQuery',
    durationMs: 540,
    route: undefined,
    requestId: undefined
  }
}
[warn] {
  level: 'warn',
  message: 'slow query in safeQuery',
  route: undefined,
  method: undefined,
  userId: undefined,
  requestId: undefined,
  meta: {
    timestamp: '2026-08-21T16:31:21.088Z',
    environment: 'production',
    queryName: 'customerQuery',
    durationMs: 541,
    attempt: 1
  }
}
[db] {
  level: 'db',
  message: 'query completed',
  route: undefined,
  method: undefined,
  userId: undefined,
  requestId: undefined,
  meta: {
    timestamp: '2026-08-21T16:31:21.390Z',
    environment: 'production',
    query: 'customerQuery',
    durationMs: 842,
    route: undefined,
    requestId: undefined,
    slow: true
  }
}
[warn] {
  level: 'warn',
  message: 'slow db query',
  route: undefined,
  method: undefined,
  userId: undefined,
  requestId: undefined,
  meta: {
    timestamp: '2026-08-21T16:31:21.390Z',
    environment: 'production',
    query: 'customerQuery',
    durationMs: 842,
    route: undefined,
    requestId: undefined
  }
}
[warn] {
  level: 'warn',
  message: 'slow query in safeQuery',
  route: undefined,
  method: undefined,
  userId: undefined,
  requestId: undefined,
  meta: {
    timestamp: '2026-08-21T16:31:21.390Z',
    environment: 'production',
    queryName: 'customerQuery',
    durationMs: 843,
    attempt: 1
  }
}
[warn] {
  level: 'warn',
  message: 'health diagnosis',
  route: undefined,
  method: undefined,
  userId: undefined,
  requestId: undefined,
  meta: {
    timestamp: '2026-08-21T16:31:23.437Z',
    environment: 'production',
    status: 'DEGRADED',
    envMissing: [ 'AUTH_SECRET' ],
    dbError: null,
    safeMode: false
  }
}
[db] {
  level: 'db',
  message: 'query completed',
  route: undefined,
  method: undefined,
  userId: undefined,
  requestId: undefined,
  meta: {
    timestamp: '2026-08-21T16:31:23.897Z',
    environment: 'production',
    query: 'customerQuery',
    durationMs: 459,
    route: undefined,
    requestId: undefined,
    slow: true
  }
}
[warn] {
  level: 'warn',
  message: 'slow db query',
  route: undefined,
  method: undefined,
  userId: undefined,
  requestId: undefined,
  meta: {
    timestamp: '2026-08-21T16:31:23.897Z',
    environment: 'production',
    query: 'customerQuery',
    durationMs: 459,
    route: undefined,
    requestId: undefined
  }
}
Certifying 13/15: Waqar ahmad
[db] {
  level: 'db',
  message: 'query completed',
  route: undefined,
  method: undefined,
  userId: undefined,
  requestId: undefined,
  meta: {
    timestamp: '2026-08-21T16:32:04.544Z',
    environment: 'production',
    query: 'customerQuery',
    durationMs: 455,
    route: undefined,
    requestId: undefined,
    slow: true
  }
}
[warn] {
  level: 'warn',
  message: 'slow db query',
  route: undefined,
  method: undefined,
  userId: undefined,
  requestId: undefined,
  meta: {
    timestamp: '2026-08-21T16:32:04.544Z',
    environment: 'production',
    query: 'customerQuery',
    durationMs: 455,
    route: undefined,
    requestId: undefined
  }
}
[db] {
  level: 'db',
  message: 'query completed',
  route: undefined,
  method: undefined,
  userId: undefined,
  requestId: undefined,
  meta: {
    timestamp: '2026-08-21T16:32:04.545Z',
    environment: 'production',
    query: 'customerQuery',
    durationMs: 456,
    route: undefined,
    requestId: undefined,
    slow: true
  }
}
[warn] {
  level: 'warn',
  message: 'slow db query',
  route: undefined,
  method: undefined,
  userId: undefined,
  requestId: undefined,
  meta: {
    timestamp: '2026-08-21T16:32:04.545Z',
    environment: 'production',
    query: 'customerQuery',
    durationMs: 456,
    route: undefined,
    requestId: undefined
  }
}
[db] {
  level: 'db',
  message: 'query completed',
  route: undefined,
  method: undefined,
  userId: undefined,
  requestId: undefined,
  meta: {
    timestamp: '2026-08-21T16:32:04.863Z',
    environment: 'production',
    query: 'customerQuery',
    durationMs: 774,
    route: undefined,
    requestId: undefined,
    slow: true
  }
}
[warn] {
  level: 'warn',
  message: 'slow db query',
  route: undefined,
  method: undefined,
  userId: undefined,
  requestId: undefined,
  meta: {
    timestamp: '2026-08-21T16:32:04.863Z',
    environment: 'production',
    query: 'customerQuery',
    durationMs: 774,
    route: undefined,
    requestId: undefined
  }
}
[warn] {
  level: 'warn',
  message: 'slow query in safeQuery',
  route: undefined,
  method: undefined,
  userId: undefined,
  requestId: undefined,
  meta: {
    timestamp: '2026-08-21T16:32:04.863Z',
    environment: 'production',
    queryName: 'customerQuery',
    durationMs: 774,
    attempt: 1
  }
}
Certifying 14/15: Syed Ahmed
[warn] {
  level: 'warn',
  message: 'env self-heal: degraded mode',
  route: undefined,
  method: undefined,
  userId: undefined,
  requestId: undefined,
  meta: {
    timestamp: '2026-08-21T16:32:46.956Z',
    environment: 'production',
    missing: [ 'AUTH_SECRET' ],
    degradedFeatures: [ 'auth-sessions' ]
  }
}
[db] {
  level: 'db',
  message: 'query completed',
  route: undefined,
  method: undefined,
  userId: undefined,
  requestId: undefined,
  meta: {
    timestamp: '2026-08-21T16:32:47.638Z',
    environment: 'production',
    query: 'customerQuery',
    durationMs: 680,
    route: undefined,
    requestId: undefined,
    slow: true
  }
}
[warn] {
  level: 'warn',
  message: 'slow db query',
  route: undefined,
  method: undefined,
  userId: undefined,
  requestId: undefined,
  meta: {
    timestamp: '2026-08-21T16:32:47.639Z',
    environment: 'production',
    query: 'customerQuery',
    durationMs: 680,
    route: undefined,
    requestId: undefined
  }
}
[warn] {
  level: 'warn',
  message: 'slow query in safeQuery',
  route: undefined,
  method: undefined,
  userId: undefined,
  requestId: undefined,
  meta: {
    timestamp: '2026-08-21T16:32:47.639Z',
    environment: 'production',
    queryName: 'customerQuery',
    durationMs: 681,
    attempt: 1
  }
}
[db] {
  level: 'db',
  message: 'query completed',
  route: undefined,
  method: undefined,
  userId: undefined,
  requestId: undefined,
  meta: {
    timestamp: '2026-08-21T16:32:47.639Z',
    environment: 'production',
    query: 'customerQuery',
    durationMs: 681,
    route: undefined,
    requestId: undefined,
    slow: true
  }
}
[warn] {
  level: 'warn',
  message: 'slow db query',
  route: undefined,
  method: undefined,
  userId: undefined,
  requestId: undefined,
  meta: {
    timestamp: '2026-08-21T16:32:47.639Z',
    environment: 'production',
    query: 'customerQuery',
    durationMs: 681,
    route: undefined,
    requestId: undefined
  }
}
[warn] {
  level: 'warn',
  message: 'slow query in safeQuery',
  route: undefined,
  method: undefined,
  userId: undefined,
  requestId: undefined,
  meta: {
    timestamp: '2026-08-21T16:32:47.639Z',
    environment: 'production',
    queryName: 'customerQuery',
    durationMs: 681,
    attempt: 1
  }
}
[warn] {
  level: 'warn',
  message: 'health diagnosis',
  route: undefined,
  method: undefined,
  userId: undefined,
  requestId: undefined,
  meta: {
    timestamp: '2026-08-21T16:32:51.811Z',
    environment: 'production',
    status: 'DEGRADED',
    envMissing: [ 'AUTH_SECRET' ],
    dbError: null,
    safeMode: false
  }
}
[db] {
  level: 'db',
  message: 'query completed',
  route: undefined,
  method: undefined,
  userId: undefined,
  requestId: undefined,
  meta: {
    timestamp: '2026-08-21T16:32:52.366Z',
    environment: 'production',
    query: 'customerQuery',
    durationMs: 555,
    route: undefined,
    requestId: undefined,
    slow: true
  }
}
[warn] {
  level: 'warn',
  message: 'slow db query',
  route: undefined,
  method: undefined,
  userId: undefined,
  requestId: undefined,
  meta: {
    timestamp: '2026-08-21T16:32:52.366Z',
    environment: 'production',
    query: 'customerQuery',
    durationMs: 555,
    route: undefined,
    requestId: undefined
  }
}
[warn] {
  level: 'warn',
  message: 'slow query in safeQuery',
  route: undefined,
  method: undefined,
  userId: undefined,
  requestId: undefined,
  meta: {
    timestamp: '2026-08-21T16:32:52.367Z',
    environment: 'production',
    queryName: 'customerQuery',
    durationMs: 556,
    attempt: 1
  }
}
Certifying 15/15: Dhairya Zinzuvadiya
[warn] {
  level: 'warn',
  message: 'env self-heal: degraded mode',
  route: undefined,
  method: undefined,
  userId: undefined,
  requestId: undefined,
  meta: {
    timestamp: '2026-08-21T16:33:32.514Z',
    environment: 'production',
    missing: [ 'AUTH_SECRET' ],
    degradedFeatures: [ 'auth-sessions' ]
  }
}
[db] {
  level: 'db',
  message: 'query completed',
  route: undefined,
  method: undefined,
  userId: undefined,
  requestId: undefined,
  meta: {
    timestamp: '2026-08-21T16:33:33.002Z',
    environment: 'production',
    query: 'customerQuery',
    durationMs: 487,
    route: undefined,
    requestId: undefined,
    slow: true
  }
}
[warn] {
  level: 'warn',
  message: 'slow db query',
  route: undefined,
  method: undefined,
  userId: undefined,
  requestId: undefined,
  meta: {
    timestamp: '2026-08-21T16:33:33.002Z',
    environment: 'production',
    query: 'customerQuery',
    durationMs: 487,
    route: undefined,
    requestId: undefined
  }
}
[db] {
  level: 'db',
  message: 'query completed',
  route: undefined,
  method: undefined,
  userId: undefined,
  requestId: undefined,
  meta: {
    timestamp: '2026-08-21T16:33:33.004Z',
    environment: 'production',
    query: 'customerQuery',
    durationMs: 489,
    route: undefined,
    requestId: undefined,
    slow: true
  }
}
[warn] {
  level: 'warn',
  message: 'slow db query',
  route: undefined,
  method: undefined,
  userId: undefined,
  requestId: undefined,
  meta: {
    timestamp: '2026-08-21T16:33:33.004Z',
    environment: 'production',
    query: 'customerQuery',
    durationMs: 489,
    route: undefined,
    requestId: undefined
  }
}
[warn] {
  level: 'warn',
  message: 'health diagnosis',
  route: undefined,
  method: undefined,
  userId: undefined,
  requestId: undefined,
  meta: {
    timestamp: '2026-08-21T16:33:34.856Z',
    environment: 'production',
    status: 'DEGRADED',
    envMissing: [ 'AUTH_SECRET' ],
    dbError: null,
    safeMode: false
  }
}
[db] {
  level: 'db',
  message: 'query completed',
  route: undefined,
  method: undefined,
  userId: undefined,
  requestId: undefined,
  meta: {
    timestamp: '2026-08-21T16:33:35.314Z',
    environment: 'production',
    query: 'customerQuery',
    durationMs: 457,
    route: undefined,
    requestId: undefined,
    slow: true
  }
}
[warn] {
  level: 'warn',
  message: 'slow db query',
  route: undefined,
  method: undefined,
  userId: undefined,
  requestId: undefined,
  meta: {
    timestamp: '2026-08-21T16:33:35.314Z',
    environment: 'production',
    query: 'customerQuery',
    durationMs: 457,
    route: undefined,
    requestId: undefined
  }
}
{
  "asOf": "2026-08-21T16:34:07.686Z",
  "pgName": "SHANTINAGAR - AWESOME PG",
  "pgId": "64ead929-b7a0-43a6-8ac4-cafdd398ecde",
  "residents": [
    {
      "residentName": "Anuj Harinkhede",
      "bookingId": "9a7ab3d0-6456-4161-abfb-12296bcd8455",
      "bookingCode": "APG-2026-0008",
      "roomBed": "R202 · B1",
      "monthlyRentSsotPaise": 463590,
      "portalMonthlyRentPaise": 463590,
      "latestRentInvoiceNumber": "RNT-2026-08-0002",
      "latestRentBillingMonth": "2026-08-01",
      "rentInvoiceAmountPaise": 463590,
      "invoiceOutstandingRentPaise": 0,
      "adminOutstandingRentPaise": 0,
      "latestElectricityInvoiceNumber": "ELE-2026-07-0012",
      "latestElectricityBillingMonth": "2026-07-01",
      "residentElectricityAllocationPaise": 40533,
      "roomElectricityTotalPaise": 121600,
      "allocationDiffersFromRoomTotal": true,
      "depositHeldPaise": 450000,
      "depositDuePaise": 0,
      "refundBalancePaise": 450000,
      "portalTotalDuePaise": 0,
      "backendRecomputedTotalDuePaise": 0,
      "portalMatchesBackendTotalDue": true,
      "paymentHistoryCount": 4,
      "paymentHistoryTotalPaise": 1050413,
      "portalInvoiceCount": 4,
      "adminDepositHeldPaise": 450000,
      "pass": true,
      "mismatches": []
    },
    {
      "residentName": "Ishan Jharia",
      "bookingId": "0556336f-e25d-4553-b744-a570b4f4ba39",
      "bookingCode": "APG-2026-0012",
      "roomBed": "R202 · B2",
      "monthlyRentSsotPaise": 463590,
      "portalMonthlyRentPaise": 463590,
      "latestRentInvoiceNumber": "RNT-2026-08-0009",
      "latestRentBillingMonth": "2026-08-01",
      "rentInvoiceAmountPaise": 463590,
      "invoiceOutstandingRentPaise": 0,
      "adminOutstandingRentPaise": 0,
      "latestElectricityInvoiceNumber": "ELE-2026-07-0015",
      "latestElectricityBillingMonth": "2026-07-01",
      "residentElectricityAllocationPaise": 40533,
      "roomElectricityTotalPaise": 121600,
      "allocationDiffersFromRoomTotal": true,
      "depositHeldPaise": 600000,
      "depositDuePaise": 0,
      "refundBalancePaise": 600000,
      "portalTotalDuePaise": 0,
      "backendRecomputedTotalDuePaise": 0,
      "portalMatchesBackendTotalDue": true,
      "paymentHistoryCount": 4,
      "paymentHistoryTotalPaise": 1050313,
      "portalInvoiceCount": 4,
      "adminDepositHeldPaise": 600000,
      "pass": true,
      "mismatches": []
    },
    {
      "residentName": "Angatra Mandal",
      "bookingId": "ad24c0d2-f2d1-4c08-99d1-74487560feb5",
      "bookingCode": "APG-2026-0013",
      "roomBed": "R202 · B3",
      "monthlyRentSsotPaise": 463590,
      "portalMonthlyRentPaise": 463590,
      "latestRentInvoiceNumber": "OPTFAIL-OPTFAIL_1785855239828-4",
      "latestRentBillingMonth": "2099-01-01",
      "rentInvoiceAmountPaise": 10000,
      "invoiceOutstandingRentPaise": 0,
      "adminOutstandingRentPaise": 0,
      "latestElectricityInvoiceNumber": "ELE-2026-07-0010",
      "latestElectricityBillingMonth": "2026-07-01",
      "residentElectricityAllocationPaise": 40533,
      "roomElectricityTotalPaise": 121600,
      "allocationDiffersFromRoomTotal": true,
      "depositHeldPaise": 450000,
      "depositDuePaise": 0,
      "refundBalancePaise": 450000,
      "portalTotalDuePaise": 0,
      "backendRecomputedTotalDuePaise": 0,
      "portalMatchesBackendTotalDue": true,
      "paymentHistoryCount": 5,
      "paymentHistoryTotalPaise": 1065048,
      "portalInvoiceCount": 5,
      "adminDepositHeldPaise": 450000,
      "pass": true,
      "mismatches": []
    },
    {
      "residentName": "Dhruv",
      "bookingId": "70debd82-4c80-4fd7-a368-0cd7c40f7fbd",
      "bookingCode": "APG-2026-0040",
      "roomBed": "R102 · B1",
      "monthlyRentSsotPaise": 412080,
      "portalMonthlyRentPaise": 412080,
      "latestRentInvoiceNumber": "OPTV-OPTVERIFY_1785837230557-07",
      "latestRentBillingMonth": "2099-01-01",
      "rentInvoiceAmountPaise": 10000,
      "invoiceOutstandingRentPaise": 0,
      "adminOutstandingRentPaise": 0,
      "latestElectricityInvoiceNumber": "ELE-2026-07-0008",
      "latestElectricityBillingMonth": "2026-07-01",
      "residentElectricityAllocationPaise": 67016,
      "roomElectricityTotalPaise": 153600,
      "allocationDiffersFromRoomTotal": true,
      "depositHeldPaise": 412080,
      "depositDuePaise": 0,
      "refundBalancePaise": 412080,
      "portalTotalDuePaise": 0,
      "backendRecomputedTotalDuePaise": 0,
      "portalMatchesBackendTotalDue": true,
      "paymentHistoryCount": 5,
      "paymentHistoryTotalPaise": 1317376,
      "portalInvoiceCount": 4,
      "adminDepositHeldPaise": 412080,
      "pass": false,
      "mismatches": [
        {
          "field": "outstanding_electricity",
          "expectedPaise": 0,
          "actualPaise": 6701,
          "expectedSource": "getBookingFinancialAccount.electricity.outstandingPaise (admin)",
          "actualSource": "sum(projectElectricityInvoice) all electricity invoices",
          "rootCause": "Admin electricity outstanding ≠ invoice-engine electricity outstanding"
        }
      ]
    },
    {
      "residentName": "Ameen Huzaifa",
      "bookingId": "532913e1-7fd1-416f-ba35-7abb8f979c59",
      "bookingCode": "APG-2026-0092",
      "roomBed": "R102 · B2",
      "monthlyRentSsotPaise": 412080,
      "portalMonthlyRentPaise": 412080,
      "latestRentInvoiceNumber": "OPTV-OPTVERIFY_1785837230557-01",
      "latestRentBillingMonth": "2099-01-01",
      "rentInvoiceAmountPaise": 10000,
      "invoiceOutstandingRentPaise": 0,
      "adminOutstandingRentPaise": 0,
      "latestElectricityInvoiceNumber": null,
      "latestElectricityBillingMonth": null,
      "residentElectricityAllocationPaise": null,
      "roomElectricityTotalPaise": null,
      "allocationDiffersFromRoomTotal": null,
      "depositHeldPaise": 412080,
      "depositDuePaise": 0,
      "refundBalancePaise": 412080,
      "portalTotalDuePaise": 0,
      "backendRecomputedTotalDuePaise": 0,
      "portalMatchesBackendTotalDue": true,
      "paymentHistoryCount": 2,
      "paymentHistoryTotalPaise": 834160,
      "portalInvoiceCount": 2,
      "adminDepositHeldPaise": 412080,
      "pass": true,
      "mismatches": []
    },
    {
      "residentName": "Saswat Baral",
      "bookingId": "3ea530b0-cd8b-4a9b-8653-d8128c858b40",
      "bookingCode": "APG-2026-0094",
      "roomBed": "R102 · B3",
      "monthlyRentSsotPaise": 412080,
      "portalMonthlyRentPaise": 412080,
      "latestRentInvoiceNumber": "RNT-2026-08-0016",
      "latestRentBillingMonth": "2026-08-01",
      "rentInvoiceAmountPaise": 412080,
      "invoiceOutstandingRentPaise": 0,
      "adminOutstandingRentPaise": 302192,
      "latestElectricityInvoiceNumber": null,
      "latestElectricityBillingMonth": null,
      "residentElectricityAllocationPaise": null,
      "roomElectricityTotalPaise": null,
      "allocationDiffersFromRoomTotal": null,
      "depositHeldPaise": 412080,
      "depositDuePaise": 0,
      "refundBalancePaise": 412080,
      "portalTotalDuePaise": 302192,
      "backendRecomputedTotalDuePaise": 302192,
      "portalMatchesBackendTotalDue": true,
      "paymentHistoryCount": 1,
      "paymentHistoryTotalPaise": 824160,
      "portalInvoiceCount": 2,
      "adminDepositHeldPaise": 412080,
      "pass": true,
      "mismatches": []
    },
    {
      "residentName": "CV Laxminarayana",
      "bookingId": "e10cf765-3980-4e47-ae8a-30690838fe27",
      "bookingCode": "APG-2026-0018",
      "roomBed": "R101 · B1",
      "monthlyRentSsotPaise": 721140,
      "portalMonthlyRentPaise": 721140,
      "latestRentInvoiceNumber": "RNT-2026-08-0011",
      "latestRentBillingMonth": "2026-08-01",
      "rentInvoiceAmountPaise": 721140,
      "invoiceOutstandingRentPaise": 0,
      "adminOutstandingRentPaise": 0,
      "latestElectricityInvoiceNumber": "ELE-2026-07-0007",
      "latestElectricityBillingMonth": "2026-07-01",
      "residentElectricityAllocationPaise": 32000,
      "roomElectricityTotalPaise": 32000,
      "allocationDiffersFromRoomTotal": false,
      "depositHeldPaise": 700000,
      "depositDuePaise": 0,
      "refundBalancePaise": 700000,
      "portalTotalDuePaise": 0,
      "backendRecomputedTotalDuePaise": 0,
      "portalMatchesBackendTotalDue": true,
      "paymentHistoryCount": 4,
      "paymentHistoryTotalPaise": 1535080,
      "portalInvoiceCount": 4,
      "adminDepositHeldPaise": 700000,
      "pass": true,
      "mismatches": []
    },
    {
      "residentName": "Rishik khobragade",
      "bookingId": "90c6fd25-bf5b-41c4-9b34-527bfe9c969a",
      "bookingCode": "APG-2026-0021",
      "roomBed": "R204 · B1",
      "monthlyRentSsotPaise": 412080,
      "portalMonthlyRentPaise": 412080,
      "latestRentInvoiceNumber": "OPTV-OPTVERIFY_1785837230557-10",
      "latestRentBillingMonth": "2099-01-01",
      "rentInvoiceAmountPaise": 10000,
      "invoiceOutstandingRentPaise": 0,
      "adminOutstandingRentPaise": 0,
      "latestElectricityInvoiceNumber": "ELE-2026-07-0016",
      "latestElectricityBillingMonth": "2026-07-01",
      "residentElectricityAllocationPaise": 60830,
      "roomElectricityTotalPaise": 104000,
      "allocationDiffersFromRoomTotal": true,
      "depositHeldPaise": 400000,
      "depositDuePaise": 0,
      "refundBalancePaise": 400000,
      "portalTotalDuePaise": 0,
      "backendRecomputedTotalDuePaise": 0,
      "portalMatchesBackendTotalDue": true,
      "paymentHistoryCount": 6,
      "paymentHistoryTotalPaise": 1032190,
      "portalInvoiceCount": 6,
      "adminDepositHeldPaise": 400000,
      "pass": true,
      "mismatches": []
    },
    {
      "residentName": "Vivek Sanghani",
      "bookingId": "69a7e0ef-a863-427f-aafc-207bc689bb3b",
      "bookingCode": "APG-2026-0099",
      "roomBed": "R204 · B2",
      "monthlyRentSsotPaise": 412080,
      "portalMonthlyRentPaise": 412080,
      "latestRentInvoiceNumber": "RNT-2026-08-0021",
      "latestRentBillingMonth": "2026-08-01",
      "rentInvoiceAmountPaise": 212686,
      "invoiceOutstandingRentPaise": 0,
      "adminOutstandingRentPaise": 0,
      "latestElectricityInvoiceNumber": null,
      "latestElectricityBillingMonth": null,
      "residentElectricityAllocationPaise": null,
      "roomElectricityTotalPaise": null,
      "allocationDiffersFromRoomTotal": null,
      "depositHeldPaise": 412080,
      "depositDuePaise": 0,
      "refundBalancePaise": 412080,
      "portalTotalDuePaise": 0,
      "backendRecomputedTotalDuePaise": 0,
      "portalMatchesBackendTotalDue": true,
      "paymentHistoryCount": 1,
      "paymentHistoryTotalPaise": 624766,
      "portalInvoiceCount": 1,
      "adminDepositHeldPaise": 412080,
      "pass": false,
      "mismatches": [
        {
          "field": "rent_invoice_amount",
          "expectedPaise": 412080,
          "actualPaise": 212686,
          "expectedSource": "rent pricing SSOT",
          "actualSource": "rent_invoices.rent_paise (RNT-2026-08-0021)",
          "rootCause": "Current-month rent invoice amount ≠ SSOT"
        }
      ]
    },
    {
      "residentName": "Reetik khandekar",
      "bookingId": "ad590884-1cd8-4198-b2f4-19288610372c",
      "bookingCode": "APG-2026-0096",
      "roomBed": "R204 · B3",
      "monthlyRentSsotPaise": 412080,
      "portalMonthlyRentPaise": 412080,
      "latestRentInvoiceNumber": "RNT-2026-08-0017",
      "latestRentBillingMonth": "2026-08-01",
      "rentInvoiceAmountPaise": 225979,
      "invoiceOutstandingRentPaise": 0,
      "adminOutstandingRentPaise": 0,
      "latestElectricityInvoiceNumber": null,
      "latestElectricityBillingMonth": null,
      "residentElectricityAllocationPaise": null,
      "roomElectricityTotalPaise": null,
      "allocationDiffersFromRoomTotal": null,
      "depositHeldPaise": 412080,
      "depositDuePaise": 0,
      "refundBalancePaise": 412080,
      "portalTotalDuePaise": 0,
      "backendRecomputedTotalDuePaise": 0,
      "portalMatchesBackendTotalDue": true,
      "paymentHistoryCount": 1,
      "paymentHistoryTotalPaise": 615461,
      "portalInvoiceCount": 1,
      "adminDepositHeldPaise": 412080,
      "pass": false,
      "mismatches": [
        {
          "field": "rent_invoice_amount",
          "expectedPaise": 412080,
          "actualPaise": 225979,
          "expectedSource": "rent pricing SSOT",
          "actualSource": "rent_invoices.rent_paise (RNT-2026-08-0017)",
          "rootCause": "Current-month rent invoice amount ≠ SSOT"
        }
      ]
    },
    {
      "residentName": "KRISHNA ZODAGE",
      "bookingId": "bf6e9846-2f5d-4fa0-8c7b-75e934ff7696",
      "bookingCode": "APG-2026-0025",
      "roomBed": "R203 · B1",
      "monthlyRentSsotPaise": 360570,
      "portalMonthlyRentPaise": 360570,
      "latestRentInvoiceNumber": "OPTV-OPTVERIFY_1785837230557-09",
      "latestRentBillingMonth": "2099-01-01",
      "rentInvoiceAmountPaise": 10000,
      "invoiceOutstandingRentPaise": 0,
      "adminOutstandingRentPaise": 0,
      "latestElectricityInvoiceNumber": "ELE-2026-07-0022",
      "latestElectricityBillingMonth": "2026-07-01",
      "residentElectricityAllocationPaise": 14828,
      "roomElectricityTotalPaise": 46400,
      "allocationDiffersFromRoomTotal": true,
      "depositHeldPaise": 350000,
      "depositDuePaise": 0,
      "refundBalancePaise": 350000,
      "portalTotalDuePaise": 0,
      "backendRecomputedTotalDuePaise": 0,
      "portalMatchesBackendTotalDue": true,
      "paymentHistoryCount": 5,
      "paymentHistoryTotalPaise": 880983,
      "portalInvoiceCount": 5,
      "adminDepositHeldPaise": 350000,
      "pass": true,
      "mismatches": []
    },
    {
      "residentName": "Vijay Dilip Shinde",
      "bookingId": "9149b91f-9d6a-4dce-a451-e69b8c31e4ad",
      "bookingCode": "APG-2026-0020",
      "roomBed": "R203 · B2",
      "monthlyRentSsotPaise": 360570,
      "portalMonthlyRentPaise": 360570,
      "latestRentInvoiceNumber": "RNT-2026-08-0005",
      "latestRentBillingMonth": "2026-08-01",
      "rentInvoiceAmountPaise": 360570,
      "invoiceOutstandingRentPaise": 0,
      "adminOutstandingRentPaise": 0,
      "latestElectricityInvoiceNumber": "ELE-2026-07-0027",
      "latestElectricityBillingMonth": "2026-07-01",
      "residentElectricityAllocationPaise": 14828,
      "roomElectricityTotalPaise": 46400,
      "allocationDiffersFromRoomTotal": true,
      "depositHeldPaise": 350000,
      "depositDuePaise": 0,
      "refundBalancePaise": 350000,
      "portalTotalDuePaise": 0,
      "backendRecomputedTotalDuePaise": 0,
      "portalMatchesBackendTotalDue": true,
      "paymentHistoryCount": 4,
      "paymentHistoryTotalPaise": 855968,
      "portalInvoiceCount": 4,
      "adminDepositHeldPaise": 350000,
      "pass": true,
      "mismatches": []
    },
    {
      "residentName": "Waqar ahmad",
      "bookingId": "ae124f62-c0f6-4ce3-aa59-5d96b2f6c607",
      "bookingCode": "APG-2026-0026",
      "roomBed": "R203 · B3",
      "monthlyRentSsotPaise": 360570,
      "portalMonthlyRentPaise": 360570,
      "latestRentInvoiceNumber": "P0-P0OUTBOX_1785859437768",
      "latestRentBillingMonth": "2099-03-01",
      "rentInvoiceAmountPaise": 10000,
      "invoiceOutstandingRentPaise": 0,
      "adminOutstandingRentPaise": 0,
      "latestElectricityInvoiceNumber": "ELE-2026-07-0024",
      "latestElectricityBillingMonth": "2026-07-01",
      "residentElectricityAllocationPaise": 14828,
      "roomElectricityTotalPaise": 46400,
      "allocationDiffersFromRoomTotal": true,
      "depositHeldPaise": 350000,
      "depositDuePaise": 0,
      "refundBalancePaise": 350000,
      "portalTotalDuePaise": 0,
      "backendRecomputedTotalDuePaise": 0,
      "portalMatchesBackendTotalDue": true,
      "paymentHistoryCount": 7,
      "paymentHistoryTotalPaise": 904583,
      "portalInvoiceCount": 7,
      "adminDepositHeldPaise": 350000,
      "pass": true,
      "mismatches": []
    },
    {
      "residentName": "Syed Ahmed",
      "bookingId": "1ed707bc-14d7-4e52-844d-40f309385506",
      "bookingCode": "APG-2026-0090",
      "roomBed": "R203 · B4",
      "monthlyRentSsotPaise": 360570,
      "portalMonthlyRentPaise": 360570,
      "latestRentInvoiceNumber": "OPTV-OPTVERIFY_1785837230557-02",
      "latestRentBillingMonth": "2099-01-01",
      "rentInvoiceAmountPaise": 10000,
      "invoiceOutstandingRentPaise": 0,
      "adminOutstandingRentPaise": 402674,
      "latestElectricityInvoiceNumber": "ELE-2026-07-0031",
      "latestElectricityBillingMonth": "2026-07-01",
      "residentElectricityAllocationPaise": 1913,
      "roomElectricityTotalPaise": 46400,
      "allocationDiffersFromRoomTotal": true,
      "depositHeldPaise": 360570,
      "depositDuePaise": 0,
      "refundBalancePaise": 360570,
      "portalTotalDuePaise": 395463,
      "backendRecomputedTotalDuePaise": 402674,
      "portalMatchesBackendTotalDue": false,
      "paymentHistoryCount": 3,
      "paymentHistoryTotalPaise": 697168,
      "portalInvoiceCount": 5,
      "adminDepositHeldPaise": 360570,
      "pass": false,
      "mismatches": [
        {
          "field": "outstanding_rent",
          "expectedPaise": 402674,
          "actualPaise": 395463,
          "expectedSource": "getBookingFinancialAccount.rent.outstandingPaise (admin)",
          "actualSource": "sum(projectInvoice) all rent invoices",
          "rootCause": "Admin rent outstanding ≠ invoice-engine rent outstanding"
        },
        {
          "field": "total_due",
          "expectedPaise": 402674,
          "actualPaise": 395463,
          "expectedSource": "admin RFE outstanding (rent+elec+deposit)",
          "actualSource": "portal simulate computeResidentTotalDuePaise (payable rows only)",
          "rootCause": "Portal Total Due card ≠ backend recomputed total — check missing pay links or bill row filters"
        }
      ]
    },
    {
      "residentName": "Dhairya Zinzuvadiya",
      "bookingId": "e64f5bf4-b15a-46b0-93cd-9b4ea83fc183",
      "bookingCode": "APG-2026-0019",
      "roomBed": "R201 · B1",
      "monthlyRentSsotPaise": 721140,
      "portalMonthlyRentPaise": 721140,
      "latestRentInvoiceNumber": "OPTFAIL-OPTFAIL_1785855239828-2",
      "latestRentBillingMonth": "2099-01-01",
      "rentInvoiceAmountPaise": 10000,
      "invoiceOutstandingRentPaise": 0,
      "adminOutstandingRentPaise": 0,
      "latestElectricityInvoiceNumber": "ELE-2026-07-0009",
      "latestElectricityBillingMonth": "2026-07-01",
      "residentElectricityAllocationPaise": 121600,
      "roomElectricityTotalPaise": 121600,
      "allocationDiffersFromRoomTotal": false,
      "depositHeldPaise": 700000,
      "depositDuePaise": 0,
      "refundBalancePaise": 700000,
      "portalTotalDuePaise": 0,
      "backendRecomputedTotalDuePaise": 0,
      "portalMatchesBackendTotalDue": true,
      "paymentHistoryCount": 5,
      "paymentHistoryTotalPaise": 1737080,
      "portalInvoiceCount": 5,
      "adminDepositHeldPaise": 700000,
      "pass": true,
      "mismatches": []
    }
  ],
  "summary": {
    "totalResidents": 15,
    "passed": 11,
    "failed": 4,
    "certified": false,
    "blockers": [
      "Dhruv (R102 · B1): outstanding_electricity expected ₹0 from getBookingFinancialAccount.electricity.outstandingPaise (admin), got ₹67 from sum(projectElectricityInvoice) all electricity invoices — Admin electricity outstanding ≠ invoice-engine electricity outstanding",
      "Vivek Sanghani (R204 · B2): rent_invoice_amount expected ₹4,120 from rent pricing SSOT, got ₹2,126 from rent_invoices.rent_paise (RNT-2026-08-0021) — Current-month rent invoice amount ≠ SSOT",
      "Reetik khandekar (R204 · B3): rent_invoice_amount expected ₹4,120 from rent pricing SSOT, got ₹2,259 from rent_invoices.rent_paise (RNT-2026-08-0017) — Current-month rent invoice amount ≠ SSOT",
      "Syed Ahmed (R203 · B4): outstanding_rent expected ₹4,026 from getBookingFinancialAccount.rent.outstandingPaise (admin), got ₹3,954 from sum(projectInvoice) all rent invoices — Admin rent outstanding ≠ invoice-engine rent outstanding",
      "Syed Ahmed (R203 · B4): total_due expected ₹4,026 from admin RFE outstanding (rent+elec+deposit), got ₹3,954 from portal simulate computeResidentTotalDuePaise (payable rows only) — Portal Total Due card ≠ backend recomputed total — check missing pay links or bill row filters"
    ]
  }
}
Wrote docs/cert/shantinagar-phase1-latest.json
